2025-01-02 21:05:50,730 - INFO - Epoch 1/20
2025-01-02 21:06:18,720 - INFO - Training metrics: {'loss': 1573.4106846580023, 'rmse': 34.87875299744444, 'mae': 23.23654489577571, 'ndcg': 0.8705413748474815}
2025-01-02 21:06:19,143 - INFO - Validation metrics: {'loss': 242.48699736259354, 'rmse': 15.222749438304598, 'mae': 10.016210032181002, 'ndcg': 0.981707148988482}
2025-01-02 21:06:19,388 - INFO - Saved best model to checkpoints/best_model.pth
2025-01-02 21:06:19,388 - INFO - --------------------------------------------------
2025-01-02 21:06:19,389 - INFO - Epoch 2/20
2025-01-02 21:06:45,262 - INFO - Training metrics: {'loss': 241.66802635675745, 'rmse': 14.987261795962356, 'mae': 9.965823018852669, 'ndcg': 0.9820866142458553}
2025-01-02 21:06:45,841 - INFO - Validation metrics: {'loss': 110.35868351896045, 'rmse': 10.259006386057093, 'mae': 7.133039588659582, 'ndcg': 0.9877026433676062}
2025-01-02 21:06:46,054 - INFO - Saved best model to checkpoints/best_model.pth
2025-01-02 21:06:46,055 - INFO - --------------------------------------------------
2025-01-02 21:06:46,055 - INFO - Epoch 3/20
2025-01-02 21:07:15,957 - INFO - Training metrics: {'loss': 129.58585886110234, 'rmse': 11.041098153423027, 'mae': 7.528117040290108, 'ndcg': 0.9893646090279652}
2025-01-02 21:07:16,709 - INFO - Validation metrics: {'loss': 104.70559149728695, 'rmse': 9.975184629147016, 'mae': 6.888899380052593, 'ndcg': 0.9903137557943102}
2025-01-02 21:07:16,870 - INFO - Saved best model to checkpoints/best_model.pth
2025-01-02 21:07:16,871 - INFO - --------------------------------------------------
2025-01-02 21:07:16,871 - INFO - Epoch 4/20
2025-01-02 21:07:46,011 - INFO - Training metrics: {'loss': 81.33055539976192, 'rmse': 8.77760558087468, 'mae': 6.2109670386284215, 'ndcg': 0.993068425055546}
2025-01-02 21:07:46,520 - INFO - Validation metrics: {'loss': 81.94685237508425, 'rmse': 8.64159275856882, 'mae': 5.7716174830853095, 'ndcg': 0.9918068135288399}
2025-01-02 21:07:46,699 - INFO - Saved best model to checkpoints/best_model.pth
2025-01-02 21:07:46,699 - INFO - --------------------------------------------------
2025-01-02 21:07:46,699 - INFO - Epoch 5/20
2025-01-02 21:08:20,569 - INFO - Training metrics: {'loss': 60.043437613716605, 'rmse': 7.553408715871261, 'mae': 5.483522375550451, 'ndcg': 0.9943591235559198}
2025-01-02 21:08:21,298 - INFO - Validation metrics: {'loss': 59.759863571381906, 'rmse': 7.390977598876305, 'mae': 5.325613498687744, 'ndcg': 0.9937682865371167}
2025-01-02 21:08:21,506 - INFO - Saved best model to checkpoints/best_model.pth
2025-01-02 21:08:21,506 - INFO - --------------------------------------------------
2025-01-02 21:08:21,506 - INFO - Epoch 6/20
2025-01-02 21:08:50,395 - INFO - Training metrics: {'loss': 49.388961017886295, 'rmse': 6.851181174457468, 'mae': 5.0336463987072815, 'ndcg': 0.995412773252288}
2025-01-02 21:08:51,291 - INFO - Validation metrics: {'loss': 63.3234116460236, 'rmse': 7.406066388447391, 'mae': 5.063329330632384, 'ndcg': 0.9937528178725444}
2025-01-02 21:08:51,399 - INFO - --------------------------------------------------
2025-01-02 21:08:51,400 - INFO - Epoch 7/20
2025-01-02 21:09:17,574 - INFO - Training metrics: {'loss': 42.711713415157945, 'rmse': 6.383387834579968, 'mae': 4.707722712921191, 'ndcg': 0.9958077484293829}
2025-01-02 21:09:18,159 - INFO - Validation metrics: {'loss': 51.44393080053195, 'rmse': 6.88580765737273, 'mae': 4.936540596921679, 'ndcg': 0.993917101705578}
2025-01-02 21:09:18,329 - INFO - Saved best model to checkpoints/best_model.pth
2025-01-02 21:09:18,329 - INFO - --------------------------------------------------
2025-01-02 21:09:18,330 - INFO - Epoch 8/20
2025-01-02 21:09:44,299 - INFO - Training metrics: {'loss': 37.04401670226568, 'rmse': 5.959030248017024, 'mae': 4.446547166078905, 'ndcg': 0.9964935148629961}
2025-01-02 21:09:45,425 - INFO - Validation metrics: {'loss': 47.11555201570753, 'rmse': 6.4700765907057844, 'mae': 4.571258101664799, 'ndcg': 0.9942726148685939}
2025-01-02 21:09:45,662 - INFO - Saved best model to checkpoints/best_model.pth
2025-01-02 21:09:45,663 - INFO - --------------------------------------------------
2025-01-02 21:09:45,663 - INFO - Epoch 9/20
2025-01-02 21:10:11,681 - INFO - Training metrics: {'loss': 31.510297592682175, 'rmse': 5.510335440600911, 'mae': 4.185598470364945, 'ndcg': 0.9967850607029999}
2025-01-02 21:10:12,354 - INFO - Validation metrics: {'loss': 44.119545775400084, 'rmse': 6.344710511920356, 'mae': 4.56014216114098, 'ndcg': 0.9948195336570202}
2025-01-02 21:10:12,498 - INFO - Saved best model to checkpoints/best_model.pth
2025-01-02 21:10:12,499 - INFO - --------------------------------------------------
2025-01-02 21:10:12,499 - INFO - Epoch 10/20
2025-01-02 21:10:35,613 - INFO - Training metrics: {'loss': 28.098169061202036, 'rmse': 5.21213214792664, 'mae': 3.958317776646795, 'ndcg': 0.9972585009623177}
2025-01-02 21:10:36,275 - INFO - Validation metrics: {'loss': 50.042676992819345, 'rmse': 6.7324958332755, 'mae': 4.771088475912389, 'ndcg': 0.9943590919736406}
2025-01-02 21:10:36,373 - INFO - --------------------------------------------------
2025-01-02 21:10:36,373 - INFO - Epoch 11/20
2025-01-02 21:11:04,398 - INFO - Training metrics: {'loss': 24.962806463996067, 'rmse': 4.909669503700807, 'mae': 3.72663677229157, 'ndcg': 0.9974314333705963}
2025-01-02 21:11:05,052 - INFO - Validation metrics: {'loss': 38.21174539646632, 'rmse': 5.816017498074644, 'mae': 4.026445123511301, 'ndcg': 0.9952160749636906}
2025-01-02 21:11:05,228 - INFO - Saved best model to checkpoints/best_model.pth
2025-01-02 21:11:05,228 - INFO - --------------------------------------------------
2025-01-02 21:11:05,228 - INFO - Epoch 12/20
2025-01-02 21:11:33,955 - INFO - Training metrics: {'loss': 22.979653856422328, 'rmse': 4.7199303371251276, 'mae': 3.6098021332976185, 'ndcg': 0.9975759675608405}
2025-01-02 21:11:34,691 - INFO - Validation metrics: {'loss': 36.11512255332839, 'rmse': 5.647238446646834, 'mae': 4.005806899406541, 'ndcg': 0.9956254682070772}
2025-01-02 21:11:34,856 - INFO - Saved best model to checkpoints/best_model.pth
2025-01-02 21:11:34,857 - INFO - --------------------------------------------------
2025-01-02 21:11:34,857 - INFO - Epoch 13/20
2025-01-02 21:12:04,775 - INFO - Training metrics: {'loss': 20.624650590781926, 'rmse': 4.454014988545468, 'mae': 3.396712816968749, 'ndcg': 0.9978548384542707}
2025-01-02 21:12:05,871 - INFO - Validation metrics: {'loss': 33.29190435543866, 'rmse': 5.485007851809264, 'mae': 3.9677629907366256, 'ndcg': 0.995776547512538}
2025-01-02 21:12:06,094 - INFO - Saved best model to checkpoints/best_model.pth
2025-01-02 21:12:06,094 - INFO - --------------------------------------------------
2025-01-02 21:12:06,094 - INFO - Epoch 14/20
2025-01-02 21:13:36,148 - INFO - Training metrics: {'loss': 18.37248856508279, 'rmse': 4.2114133277321955, 'mae': 3.2209290422593493, 'ndcg': 0.9979887845206864}
2025-01-02 21:13:36,821 - INFO - Validation metrics: {'loss': 36.34482394473653, 'rmse': 5.67274044556089, 'mae': 4.055088516692041, 'ndcg': 0.9952850341796875}
2025-01-02 21:13:36,968 - INFO - --------------------------------------------------
2025-01-02 21:13:36,969 - INFO - Epoch 15/20
2025-01-02 21:14:03,059 - INFO - Training metrics: {'loss': 16.41032188376294, 'rmse': 3.98082874088483, 'mae': 3.036197697437262, 'ndcg': 0.9983101436231709}
2025-01-02 21:14:03,738 - INFO - Validation metrics: {'loss': 34.90276159367091, 'rmse': 5.584264915042236, 'mae': 4.026658931248624, 'ndcg': 0.9950294519813967}
2025-01-02 21:14:03,837 - INFO - --------------------------------------------------
2025-01-02 21:14:03,838 - INFO - Epoch 16/20
2025-01-02 21:14:30,649 - INFO - Training metrics: {'loss': 15.106652148162262, 'rmse': 3.8168967012856276, 'mae': 2.9069111562227903, 'ndcg': 0.9985514830184888}
2025-01-02 21:14:31,489 - INFO - Validation metrics: {'loss': 36.881933789857676, 'rmse': 5.748266146448996, 'mae': 4.182556256442003, 'ndcg': 0.9960594983168052}
2025-01-02 21:14:31,581 - INFO - --------------------------------------------------
2025-01-02 21:14:31,581 - INFO - Epoch 17/20
2025-01-02 21:14:59,315 - INFO - Training metrics: {'loss': 13.923152925092962, 'rmse': 3.6601786489112054, 'mae': 2.789865439639816, 'ndcg': 0.998682281261758}
2025-01-02 21:15:00,042 - INFO - Validation metrics: {'loss': 30.79913027857391, 'rmse': 5.254208615862825, 'mae': 3.76256963568674, 'ndcg': 0.9959340909836998}
2025-01-02 21:15:00,266 - INFO - Saved best model to checkpoints/best_model.pth
2025-01-02 21:15:00,267 - INFO - --------------------------------------------------
2025-01-02 21:15:00,267 - INFO - Epoch 18/20
2025-01-02 21:15:27,888 - INFO - Training metrics: {'loss': 12.319169042608406, 'rmse': 3.4488687216236493, 'mae': 2.63726353588738, 'ndcg': 0.9987842735799053}
2025-01-02 21:15:28,675 - INFO - Validation metrics: {'loss': 29.94282915222813, 'rmse': 5.175323364620961, 'mae': 3.6913866660964323, 'ndcg': 0.9961577998080724}
2025-01-02 21:15:28,863 - INFO - Saved best model to checkpoints/best_model.pth
2025-01-02 21:15:28,864 - INFO - --------------------------------------------------
2025-01-02 21:15:28,864 - INFO - Epoch 19/20
2025-01-02 21:15:53,038 - INFO - Training metrics: {'loss': 11.82735844239404, 'rmse': 3.381452993476122, 'mae': 2.5662053268921525, 'ndcg': 0.9989815183644053}
2025-01-02 21:15:53,571 - INFO - Validation metrics: {'loss': 26.5078580345906, 'rmse': 4.899611512774226, 'mae': 3.554204907215817, 'ndcg': 0.9958094618689846}
2025-01-02 21:15:53,751 - INFO - Saved best model to checkpoints/best_model.pth
2025-01-02 21:15:53,752 - INFO - --------------------------------------------------
2025-01-02 21:15:53,752 - INFO - Epoch 20/20
2025-01-02 21:16:21,637 - INFO - Training metrics: {'loss': 11.080743769301645, 'rmse': 3.263646540076566, 'mae': 2.475501270045208, 'ndcg': 0.9989825742720049}
2025-01-02 21:16:22,178 - INFO - Validation metrics: {'loss': 28.964485262481258, 'rmse': 5.034349147356589, 'mae': 3.5717549458355973, 'ndcg': 0.9958491266613275}
2025-01-02 21:16:22,318 - INFO - --------------------------------------------------
2025-01-02 21:53:25,615 - INFO - Prepared test dataset with 5616 samples
2025-01-02 21:53:32,203 - INFO - 
cold_user_warm_item Metrics (n=1373):
2025-01-02 21:53:32,204 - INFO - mse: 39.5160
2025-01-02 21:53:32,204 - INFO - rmse: 6.2862
2025-01-02 21:53:32,204 - INFO - mae: 3.5751
2025-01-02 21:53:32,204 - INFO - r2: 0.9915
2025-01-02 21:53:32,204 - INFO - pred_mean: 80.2163
2025-01-02 21:53:32,204 - INFO - pred_std: 67.4522
2025-01-02 21:53:32,204 - INFO - true_mean: 81.0757
2025-01-02 21:53:32,204 - INFO - true_std: 68.2578
2025-01-02 21:53:32,261 - INFO - 
warm_user_cold_item Metrics (n=62):
2025-01-02 21:53:32,261 - INFO - mse: 40.8746
2025-01-02 21:53:32,261 - INFO - rmse: 6.3933
2025-01-02 21:53:32,261 - INFO - mae: 4.5891
2025-01-02 21:53:32,261 - INFO - r2: 0.8473
2025-01-02 21:53:32,262 - INFO - pred_mean: 17.7317
2025-01-02 21:53:32,262 - INFO - pred_std: 14.8678
2025-01-02 21:53:32,262 - INFO - true_mean: 16.0645
2025-01-02 21:53:32,262 - INFO - true_std: 16.3597
2025-01-02 21:53:32,907 - INFO - 
cold_both Metrics (n=3678):
2025-01-02 21:53:32,907 - INFO - mse: 23.9811
2025-01-02 21:53:32,907 - INFO - rmse: 4.8971
2025-01-02 21:53:32,908 - INFO - mae: 3.5859
2025-01-02 21:53:32,908 - INFO - r2: 0.7373
2025-01-02 21:53:32,908 - INFO - pred_mean: 12.9794
2025-01-02 21:53:32,908 - INFO - pred_std: 8.9786
2025-01-02 21:53:32,908 - INFO - true_mean: 12.7273
2025-01-02 21:53:32,908 - INFO - true_std: 9.5549
2025-01-02 21:53:33,041 - INFO - 
warm_both Metrics (n=503):
2025-01-02 21:53:33,041 - INFO - mse: 12.6240
2025-01-02 21:53:33,041 - INFO - rmse: 3.5530
2025-01-02 21:53:33,042 - INFO - mae: 2.7132
2025-01-02 21:53:33,042 - INFO - r2: 0.9988
2025-01-02 21:53:33,042 - INFO - pred_mean: 226.7590
2025-01-02 21:53:33,042 - INFO - pred_std: 101.4631
2025-01-02 21:53:33,042 - INFO - true_mean: 227.9026
2025-01-02 21:53:33,042 - INFO - true_std: 101.6592
2025-01-02 21:53:33,043 - INFO - Evaluation completed. Results saved to: metrics
2025-01-02 21:53:33,043 - INFO - 
Evaluation Summary:
2025-01-02 21:53:33,043 - INFO - Basic Metrics:
2025-01-02 21:53:33,043 - INFO - mse: 26.9484
2025-01-02 21:53:33,043 - INFO - rmse: 5.1912
2025-01-02 21:53:33,043 - INFO - mae: 3.5161
2025-01-02 21:53:33,043 - INFO - r2: 0.9956
2025-01-02 21:53:33,044 - INFO - pred_mean: 48.6173
2025-01-02 21:53:33,044 - INFO - pred_std: 77.5781
2025-01-02 21:53:33,044 - INFO - true_mean: 48.7463
2025-01-02 21:53:33,044 - INFO - true_std: 78.2253
2025-01-02 21:53:33,044 - INFO - 
Top-K Metrics:
2025-01-02 21:53:33,044 - INFO - ndcg@10: 1.0000
2025-01-02 21:53:33,044 - INFO - precision@10: 0.9000
2025-01-02 21:53:33,044 - INFO - recall@10: 0.9000
2025-01-02 21:53:33,044 - INFO - 
Bias Analysis:
2025-01-02 21:53:33,044 - INFO - bias_range_1: 4.0700
2025-01-02 21:53:33,044 - INFO - bias_range_2: 0.8064
2025-01-02 21:53:33,044 - INFO - bias_range_3: -2.7841
2025-01-02 21:53:33,045 - INFO - bias_range_4: -1.6185
2025-01-02 23:26:35,830 - INFO - Loading model from /checkpoints/best_model.pth
2025-01-02 23:26:35,830 - ERROR - Error loading model: [Errno 2] No such file or directory: '/checkpoints/best_model.pth'
2025-01-02 23:26:47,461 - INFO - Loading model from checkpoints/best_model.pth
2025-01-02 23:26:47,582 - INFO - Model loaded successfully
2025-01-02 23:28:03,039 - INFO - Loading model from checkpoints/best_model.pth
2025-01-02 23:28:03,113 - INFO - Model loaded successfully
2025-01-02 23:29:59,412 - INFO - Loading model from checkpoints/best_model.pth
2025-01-02 23:29:59,461 - INFO - Model loaded successfully
2025-01-02 23:32:09,285 - INFO - Loading model from checkpoints/best_model.pth
2025-01-02 23:32:09,330 - INFO - Model loaded successfully
2025-01-03 02:59:53,995 - INFO - Epoch 1/20
2025-01-03 03:01:25,859 - INFO - Epoch 1/20
2025-01-03 03:03:01,889 - INFO - Epoch 1/20
2025-01-03 03:03:34,311 - INFO - Training metrics: {'loss': 6039.769612179527, 'rmse': 75.06372706676143, 'mae': 50.31086837792699, 'ndcg': 0.36966318728496567}
2025-01-03 03:03:35,070 - INFO - Validation metrics: {'loss': 5906.023872482944, 'rmse': 74.61562375812093, 'mae': 57.40647469104176, 'ndcg': 0.3630109893184313}
2025-01-03 03:03:35,292 - INFO - Saved best model to checkpoints/best_model.pth
2025-01-03 03:03:35,292 - INFO - --------------------------------------------------
2025-01-03 03:03:35,293 - INFO - Epoch 2/20
2025-01-03 03:04:02,507 - INFO - Training metrics: {'loss': 5941.704713169533, 'rmse': 74.61218414418902, 'mae': 50.907999479317965, 'ndcg': 0.3835963750894688}
2025-01-03 03:04:03,201 - INFO - Validation metrics: {'loss': 5803.814482353103, 'rmse': 72.7763033395989, 'mae': 45.45087704188387, 'ndcg': 0.4052694315012072}
2025-01-03 03:04:03,384 - INFO - Saved best model to checkpoints/best_model.pth
2025-01-03 03:04:03,385 - INFO - --------------------------------------------------
2025-01-03 03:04:03,386 - INFO - Epoch 3/20
2025-01-03 03:04:32,298 - INFO - Training metrics: {'loss': 5914.564727203756, 'rmse': 74.47395658940658, 'mae': 50.94638104076627, 'ndcg': 0.38830770708950635}
2025-01-03 03:04:35,998 - INFO - Validation metrics: {'loss': 5709.954079211598, 'rmse': 72.59723830805083, 'mae': 49.78841300749443, 'ndcg': 0.7254581948820974}
2025-01-03 03:04:36,225 - INFO - Saved best model to checkpoints/best_model.pth
2025-01-03 03:04:36,225 - INFO - --------------------------------------------------
2025-01-03 03:04:36,225 - INFO - Epoch 4/20
2025-01-03 03:05:00,806 - INFO - Training metrics: {'loss': 5836.091276820702, 'rmse': 73.67107757410997, 'mae': 50.31608098368101, 'ndcg': 0.451513979324623}
2025-01-03 03:05:01,760 - INFO - Validation metrics: {'loss': 5801.15322489134, 'rmse': 73.05621628711616, 'mae': 49.173527166876994, 'ndcg': 0.3376818069479835}
2025-01-03 03:05:01,864 - INFO - --------------------------------------------------
2025-01-03 03:05:01,864 - INFO - Epoch 5/20
2025-01-03 03:07:02,418 - INFO - Epoch 1/20
2025-01-03 03:08:28,629 - INFO - Epoch 1/20
2025-01-03 03:08:56,770 - INFO - Training metrics: {'loss': 1475.7049554993835, 'rmse': 34.1962431550628, 'mae': 22.27033799509459, 'ndcg': 0.8878439911464348}
2025-01-03 03:08:57,634 - INFO - Validation metrics: {'loss': 518.2866107779489, 'rmse': 22.175751544849163, 'mae': 15.3913011416583, 'ndcg': 0.9491317574407013}
2025-01-03 03:08:57,858 - INFO - Saved best model to checkpoints/best_model.pth
2025-01-03 03:08:57,858 - INFO - --------------------------------------------------
2025-01-03 03:08:57,858 - INFO - Epoch 2/20
2025-01-03 03:09:23,176 - INFO - Training metrics: {'loss': 379.17743226546276, 'rmse': 18.801574966118118, 'mae': 12.89405941812298, 'ndcg': 0.9664217960796778}
2025-01-03 03:09:24,071 - INFO - Validation metrics: {'loss': 196.49689827502613, 'rmse': 13.627327422581926, 'mae': 9.468683840523303, 'ndcg': 0.9809850437540404}
2025-01-03 03:09:24,282 - INFO - Saved best model to checkpoints/best_model.pth
2025-01-03 03:09:24,282 - INFO - --------------------------------------------------
2025-01-03 03:09:24,283 - INFO - Epoch 3/20
2025-01-03 03:09:52,990 - INFO - Training metrics: {'loss': 170.54567088960093, 'rmse': 12.689654892251957, 'mae': 8.832277373422551, 'ndcg': 0.9849025442064563}
2025-01-03 03:09:53,720 - INFO - Validation metrics: {'loss': 108.25126443782322, 'rmse': 10.084425877541213, 'mae': 6.864865544816138, 'ndcg': 0.9894338082259809}
2025-01-03 03:09:53,911 - INFO - Saved best model to checkpoints/best_model.pth
2025-01-03 03:09:53,911 - INFO - --------------------------------------------------
2025-01-03 03:09:53,911 - INFO - Epoch 4/20
2025-01-03 03:10:19,142 - INFO - Training metrics: {'loss': 104.06700551057163, 'rmse': 9.87278275161242, 'mae': 6.853627974473977, 'ndcg': 0.9909372538139548}
2025-01-03 03:10:19,903 - INFO - Validation metrics: {'loss': 82.35544583495233, 'rmse': 8.7474406358769, 'mae': 6.077065958103663, 'ndcg': 0.9927881418819159}
2025-01-03 03:10:20,122 - INFO - Saved best model to checkpoints/best_model.pth
2025-01-03 03:10:20,122 - INFO - --------------------------------------------------
2025-01-03 03:10:20,122 - INFO - Epoch 5/20
2025-01-03 03:10:45,551 - INFO - Training metrics: {'loss': 76.1038736602928, 'rmse': 8.449554354098428, 'mae': 5.98043404764767, 'ndcg': 0.992851044181027}
2025-01-03 03:10:46,174 - INFO - Validation metrics: {'loss': 64.4055624142499, 'rmse': 7.698267432884312, 'mae': 5.370076864538058, 'ndcg': 0.9925727038316323}
2025-01-03 03:10:46,399 - INFO - Saved best model to checkpoints/best_model.pth
2025-01-03 03:10:46,399 - INFO - --------------------------------------------------
2025-01-03 03:10:46,399 - INFO - Epoch 6/20
2025-01-03 03:11:16,380 - INFO - Training metrics: {'loss': 59.17003956625733, 'rmse': 7.44580231768099, 'mae': 5.36616400299193, 'ndcg': 0.9944684115014498}
2025-01-03 03:11:17,324 - INFO - Validation metrics: {'loss': 64.73163228639415, 'rmse': 7.714951849599426, 'mae': 5.423657706086065, 'ndcg': 0.993241311798633}
2025-01-03 03:11:17,437 - INFO - --------------------------------------------------
2025-01-03 03:11:17,437 - INFO - Epoch 7/20
2025-01-03 03:11:51,361 - INFO - Training metrics: {'loss': 51.22404585005362, 'rmse': 6.920708883027974, 'mae': 5.0564211214645, 'ndcg': 0.9955004250890092}
2025-01-03 03:11:52,314 - INFO - Validation metrics: {'loss': 69.00259841327936, 'rmse': 7.970698293332266, 'mae': 5.450087026810982, 'ndcg': 0.9938505401074047}
2025-01-03 03:11:52,378 - INFO - --------------------------------------------------
2025-01-03 03:11:52,379 - INFO - Epoch 8/20
2025-01-03 03:16:22,680 - INFO - Training metrics: {'loss': 43.72882807405689, 'rmse': 6.429545916515828, 'mae': 4.735194380902037, 'ndcg': 0.9954500748198244}
2025-01-03 03:16:23,600 - INFO - Validation metrics: {'loss': 73.7572065541442, 'rmse': 8.308298844563378, 'mae': 5.731729675346697, 'ndcg': 0.9935763100503197}
2025-01-03 03:16:23,714 - INFO - --------------------------------------------------
2025-01-03 03:16:23,715 - INFO - Epoch 9/20
2025-01-03 03:17:30,978 - INFO - Training metrics: {'loss': 40.60840407806107, 'rmse': 6.19063189467571, 'mae': 4.577013487302804, 'ndcg': 0.9963730471798137}
2025-01-03 03:17:33,503 - INFO - Validation metrics: {'loss': 46.70021191449233, 'rmse': 6.3903562067549045, 'mae': 4.450722744767095, 'ndcg': 0.9939105409971425}
2025-01-03 03:17:33,930 - INFO - Saved best model to checkpoints/best_model.pth
2025-01-03 03:17:33,931 - INFO - --------------------------------------------------
2025-01-03 03:17:33,931 - INFO - Epoch 10/20
2025-01-03 03:18:31,269 - INFO - Training metrics: {'loss': 34.13230947754051, 'rmse': 5.708895129538141, 'mae': 4.306544921820676, 'ndcg': 0.9967452410278441}
2025-01-03 03:18:36,803 - INFO - Validation metrics: {'loss': 51.2034899348944, 'rmse': 6.7515749053250795, 'mae': 4.684651660247588, 'ndcg': 0.9937452371691314}
2025-01-03 03:18:37,029 - INFO - --------------------------------------------------
2025-01-03 03:18:37,029 - INFO - Epoch 11/20
2025-01-03 03:19:37,038 - INFO - Training metrics: {'loss': 31.245400774328015, 'rmse': 5.46680839896866, 'mae': 4.119050872854039, 'ndcg': 0.9970897467264647}
2025-01-03 03:19:38,340 - INFO - Validation metrics: {'loss': 59.88945630570532, 'rmse': 7.348427681843771, 'mae': 5.084945682068946, 'ndcg': 0.9939587519202434}
2025-01-03 03:19:38,413 - INFO - --------------------------------------------------
2025-01-03 03:19:38,413 - INFO - Epoch 12/20
2025-01-03 03:20:27,654 - INFO - Training metrics: {'loss': 27.855964557279513, 'rmse': 5.169277343994283, 'mae': 3.942401315969757, 'ndcg': 0.997403313936312}
2025-01-03 03:20:28,649 - INFO - Validation metrics: {'loss': 46.171227925260304, 'rmse': 6.375031763854914, 'mae': 4.410807441657697, 'ndcg': 0.9940523916566876}
2025-01-03 03:20:28,829 - INFO - Saved best model to checkpoints/best_model.pth
2025-01-03 03:20:28,830 - INFO - --------------------------------------------------
2025-01-03 03:20:28,830 - INFO - Epoch 13/20
2025-01-03 03:21:13,590 - INFO - Training metrics: {'loss': 26.76359580589246, 'rmse': 5.062612587674039, 'mae': 3.8522814964946313, 'ndcg': 0.9972991103990169}
2025-01-03 03:21:15,722 - INFO - Validation metrics: {'loss': 38.14610894968812, 'rmse': 5.864137658752988, 'mae': 4.10906414246895, 'ndcg': 0.9945629667228376}
2025-01-03 03:21:16,032 - INFO - Saved best model to checkpoints/best_model.pth
2025-01-03 03:21:16,033 - INFO - --------------------------------------------------
2025-01-03 03:21:16,033 - INFO - Epoch 14/20
2025-01-03 03:21:48,867 - INFO - Training metrics: {'loss': 24.135131220274335, 'rmse': 4.822805409506358, 'mae': 3.6689407468973836, 'ndcg': 0.9975678757587566}
2025-01-03 03:21:49,752 - INFO - Validation metrics: {'loss': 41.36720026043099, 'rmse': 6.080929566007648, 'mae': 4.262183797191566, 'ndcg': 0.9945879385504924}
2025-01-03 03:21:49,870 - INFO - --------------------------------------------------
2025-01-03 03:21:49,873 - INFO - Epoch 15/20
2025-01-03 03:30:21,263 - INFO - Training metrics: {'loss': 21.92132758415198, 'rmse': 4.588967730179266, 'mae': 3.5085206480720377, 'ndcg': 0.9974553273825706}
2025-01-03 03:30:22,006 - INFO - Validation metrics: {'loss': 40.145658331857604, 'rmse': 5.97723259149377, 'mae': 4.182462527718343, 'ndcg': 0.9951134777404893}
2025-01-03 03:30:22,151 - INFO - --------------------------------------------------
2025-01-03 03:30:22,151 - INFO - Epoch 16/20
2025-01-03 03:30:52,392 - INFO - Training metrics: {'loss': 20.577230770376666, 'rmse': 4.45248032017342, 'mae': 3.4013164577227606, 'ndcg': 0.9980509397161158}
2025-01-03 03:30:53,361 - INFO - Validation metrics: {'loss': 40.95807745758916, 'rmse': 6.083237096050345, 'mae': 4.403699760705653, 'ndcg': 0.9949196988428143}
2025-01-03 03:30:53,494 - INFO - --------------------------------------------------
2025-01-03 03:30:53,494 - INFO - Epoch 17/20
2025-01-03 03:31:16,784 - INFO - Training metrics: {'loss': 19.48057757072811, 'rmse': 4.333507796834372, 'mae': 3.3126965953579433, 'ndcg': 0.9981773383443868}
2025-01-03 03:31:17,520 - INFO - Validation metrics: {'loss': 36.44995172258834, 'rmse': 5.640871318599802, 'mae': 3.9841212252495994, 'ndcg': 0.9954190170261222}
2025-01-03 03:31:17,814 - INFO - Saved best model to checkpoints/best_model.pth
2025-01-03 03:31:17,814 - INFO - --------------------------------------------------
2025-01-03 03:31:17,814 - INFO - Epoch 18/20
2025-01-03 03:31:43,799 - INFO - Training metrics: {'loss': 18.04268748850762, 'rmse': 4.169329592103006, 'mae': 3.1720640664990944, 'ndcg': 0.998248864295362}
2025-01-03 03:31:44,543 - INFO - Validation metrics: {'loss': 37.648309882258026, 'rmse': 5.7711622988360025, 'mae': 4.099793424069042, 'ndcg': 0.9959209158386982}
2025-01-03 03:31:44,635 - INFO - --------------------------------------------------
2025-01-03 03:31:44,635 - INFO - Epoch 19/20
2025-01-03 03:32:11,134 - INFO - Training metrics: {'loss': 17.653404054007954, 'rmse': 4.1118980921011445, 'mae': 3.1186785250902176, 'ndcg': 0.9982810442960715}
2025-01-03 03:32:11,835 - INFO - Validation metrics: {'loss': 40.110850562512034, 'rmse': 5.998258900137503, 'mae': 4.281244986493823, 'ndcg': 0.9951174175235588}
2025-01-03 03:32:11,900 - INFO - --------------------------------------------------
2025-01-03 03:32:11,901 - INFO - Epoch 20/20
2025-01-03 03:32:39,126 - INFO - Training metrics: {'loss': 17.05115290684036, 'rmse': 4.041849615971436, 'mae': 3.043237811779674, 'ndcg': 0.9985020799161513}
2025-01-03 03:32:39,898 - INFO - Validation metrics: {'loss': 34.8642008741137, 'rmse': 5.628703590478307, 'mae': 4.025566181666415, 'ndcg': 0.9956686404389394}
2025-01-03 03:32:40,103 - INFO - Saved best model to checkpoints/best_model.pth
2025-01-03 03:32:40,103 - INFO - --------------------------------------------------
2025-01-03 03:33:19,540 - INFO - Prepared test dataset with 5616 samples
2025-01-03 03:34:51,036 - INFO - Prepared test dataset with 5616 samples
2025-01-03 03:35:13,868 - INFO - Epoch 1/20
2025-01-03 03:35:52,271 - INFO - Training metrics: {'loss': 1435.060329775267, 'rmse': 34.16462143750128, 'mae': 22.42367218717744, 'ndcg': 0.8861735068686023}
2025-01-03 03:35:53,734 - INFO - Validation metrics: {'loss': 410.4469845194212, 'rmse': 19.807712859563207, 'mae': 14.308727197244133, 'ndcg': 0.9563382897578495}
2025-01-03 03:35:53,959 - INFO - Saved best model to checkpoints/best_model.pth
2025-01-03 03:35:53,959 - INFO - --------------------------------------------------
2025-01-03 03:35:53,959 - INFO - Epoch 2/20
2025-01-03 03:36:24,948 - INFO - Training metrics: {'loss': 352.2340569315077, 'rmse': 18.133741742649008, 'mae': 12.666036196147338, 'ndcg': 0.9673905631975283}
2025-01-03 03:36:25,739 - INFO - Validation metrics: {'loss': 182.80695052885673, 'rmse': 13.154047283218882, 'mae': 8.982651488881716, 'ndcg': 0.9829646886234552}
2025-01-03 03:36:25,979 - INFO - Saved best model to checkpoints/best_model.pth
2025-01-03 03:36:25,980 - INFO - --------------------------------------------------
2025-01-03 03:36:25,980 - INFO - Epoch 3/20
2025-01-03 03:36:52,834 - INFO - Training metrics: {'loss': 164.56359785417968, 'rmse': 12.479908767197573, 'mae': 8.629599928101406, 'ndcg': 0.9857557027400294}
2025-01-03 03:36:53,526 - INFO - Validation metrics: {'loss': 106.04734818364533, 'rmse': 9.973827810514075, 'mae': 6.783395169486462, 'ndcg': 0.9902353975134837}
2025-01-03 03:36:53,724 - INFO - Saved best model to checkpoints/best_model.pth
2025-01-03 03:36:53,724 - INFO - --------------------------------------------------
2025-01-03 03:36:53,725 - INFO - Epoch 4/20
2025-01-03 03:37:21,628 - INFO - Training metrics: {'loss': 96.81200471105454, 'rmse': 9.533131123991046, 'mae': 6.682308893792237, 'ndcg': 0.9915234359759318}
2025-01-03 03:37:22,621 - INFO - Validation metrics: {'loss': 68.17160872338523, 'rmse': 7.9165926582847925, 'mae': 5.465634762401312, 'ndcg': 0.9931762016994853}
2025-01-03 03:37:22,800 - INFO - Saved best model to checkpoints/best_model.pth
2025-01-03 03:37:22,802 - INFO - --------------------------------------------------
2025-01-03 03:37:22,803 - INFO - Epoch 5/20
2025-01-03 03:37:48,697 - INFO - Training metrics: {'loss': 67.34939731525469, 'rmse': 7.993323629576951, 'mae': 5.701853976219515, 'ndcg': 0.9942724066255968}
2025-01-03 03:37:49,638 - INFO - Validation metrics: {'loss': 50.6360629444391, 'rmse': 6.7908423920085985, 'mae': 4.799200672498891, 'ndcg': 0.9938783435754373}
2025-01-03 03:37:49,941 - INFO - Saved best model to checkpoints/best_model.pth
2025-01-03 03:37:49,942 - INFO - --------------------------------------------------
2025-01-03 03:37:49,943 - INFO - Epoch 6/20
2025-01-03 03:38:19,516 - INFO - Training metrics: {'loss': 53.12608155419555, 'rmse': 7.129096690749047, 'mae': 5.185871489440339, 'ndcg': 0.9951469133360477}
2025-01-03 03:38:20,418 - INFO - Validation metrics: {'loss': 68.64627241752517, 'rmse': 7.912192454970619, 'mae': 5.412561322601748, 'ndcg': 0.9936022330337847}
2025-01-03 03:38:20,501 - INFO - --------------------------------------------------
2025-01-03 03:38:20,501 - INFO - Epoch 7/20
2025-01-03 03:38:48,040 - INFO - Training metrics: {'loss': 44.58751765987541, 'rmse': 6.538397691999737, 'mae': 4.8233660508560225, 'ndcg': 0.9957965078610408}
2025-01-03 03:38:48,956 - INFO - Validation metrics: {'loss': 45.423886285701265, 'rmse': 6.277257651484929, 'mae': 4.415327538906689, 'ndcg': 0.9940772854106527}
2025-01-03 03:38:49,222 - INFO - Saved best model to checkpoints/best_model.pth
2025-01-03 03:38:49,223 - INFO - --------------------------------------------------
2025-01-03 03:38:49,223 - INFO - Epoch 8/20
2025-01-03 03:39:19,309 - INFO - Training metrics: {'loss': 38.42660973796362, 'rmse': 6.06964856221789, 'mae': 4.548375989440121, 'ndcg': 0.9963700529895251}
2025-01-03 03:39:20,012 - INFO - Validation metrics: {'loss': 78.9354918305303, 'rmse': 8.45227570668767, 'mae': 5.735453635873929, 'ndcg': 0.9942635306170289}
2025-01-03 03:39:20,108 - INFO - --------------------------------------------------
2025-01-03 03:39:20,109 - INFO - Epoch 9/20
2025-01-03 03:40:00,403 - INFO - Training metrics: {'loss': 34.44303543205503, 'rmse': 5.755456311497981, 'mae': 4.338121420220483, 'ndcg': 0.9968566370161274}
2025-01-03 03:40:01,649 - INFO - Validation metrics: {'loss': 44.831697356533, 'rmse': 6.338847829619797, 'mae': 4.556723201778573, 'ndcg': 0.994526959640879}
2025-01-03 03:40:01,897 - INFO - Saved best model to checkpoints/best_model.pth
2025-01-03 03:40:01,897 - INFO - --------------------------------------------------
2025-01-03 03:40:01,898 - INFO - Epoch 10/20
2025-01-03 03:40:45,320 - INFO - Training metrics: {'loss': 31.319766175897815, 'rmse': 5.487252373904924, 'mae': 4.163119960057585, 'ndcg': 0.9970038944407354}
2025-01-03 03:40:46,436 - INFO - Validation metrics: {'loss': 41.634061155184895, 'rmse': 6.025232891791129, 'mae': 4.222258715562417, 'ndcg': 0.994710107084731}
2025-01-03 03:40:46,676 - INFO - Saved best model to checkpoints/best_model.pth
2025-01-03 03:40:46,676 - INFO - --------------------------------------------------
2025-01-03 03:40:46,677 - INFO - Epoch 11/20
2025-01-03 03:41:22,234 - INFO - Training metrics: {'loss': 28.912457778484008, 'rmse': 5.260899197134256, 'mae': 3.989376880700075, 'ndcg': 0.9973822481270078}
2025-01-03 03:41:25,914 - INFO - Validation metrics: {'loss': 43.157917936083294, 'rmse': 6.0758578337285165, 'mae': 4.230704216889932, 'ndcg': 0.9943417713675701}
2025-01-03 03:41:26,047 - INFO - --------------------------------------------------
2025-01-03 03:41:26,047 - INFO - Epoch 12/20
2025-01-03 03:42:00,849 - INFO - Training metrics: {'loss': 27.199046002913125, 'rmse': 5.112084049532784, 'mae': 3.886762281761894, 'ndcg': 0.9971672230506246}
2025-01-03 03:42:02,589 - INFO - Validation metrics: {'loss': 40.68462800308013, 'rmse': 5.943435587770236, 'mae': 4.195163380931801, 'ndcg': 0.9952644856882767}
2025-01-03 03:42:02,901 - INFO - Saved best model to checkpoints/best_model.pth
2025-01-03 03:42:02,902 - INFO - --------------------------------------------------
2025-01-03 03:42:02,902 - INFO - Epoch 13/20
2025-01-03 03:42:41,058 - INFO - Training metrics: {'loss': 25.081022571913802, 'rmse': 4.906783164787575, 'mae': 3.732258479806441, 'ndcg': 0.9975094205782383}
2025-01-03 03:42:42,458 - INFO - Validation metrics: {'loss': 39.753396558089996, 'rmse': 5.847326947488449, 'mae': 4.090030817918374, 'ndcg': 0.9947412333018343}
2025-01-03 03:42:42,852 - INFO - Saved best model to checkpoints/best_model.pth
2025-01-03 03:42:42,853 - INFO - --------------------------------------------------
2025-01-03 03:42:42,853 - INFO - Epoch 14/20
2025-01-03 03:43:25,401 - INFO - Training metrics: {'loss': 22.87438059079496, 'rmse': 4.686919144259876, 'mae': 3.5699768172034734, 'ndcg': 0.9977648538313334}
2025-01-03 03:43:26,334 - INFO - Validation metrics: {'loss': 44.02809227688212, 'rmse': 6.090798816429889, 'mae': 4.1431486237217, 'ndcg': 0.9947131947732307}
2025-01-03 03:43:26,405 - INFO - --------------------------------------------------
2025-01-03 03:43:26,405 - INFO - Epoch 15/20
2025-01-03 03:43:58,004 - INFO - Training metrics: {'loss': 20.80075543439841, 'rmse': 4.482920539985945, 'mae': 3.437376656864263, 'ndcg': 0.9980179846664018}
2025-01-03 03:43:58,839 - INFO - Validation metrics: {'loss': 48.21740244475888, 'rmse': 6.580154817004584, 'mae': 4.625208894971391, 'ndcg': 0.9957452072224147}
2025-01-03 03:43:58,918 - INFO - --------------------------------------------------
2025-01-03 03:43:58,918 - INFO - Epoch 16/20
2025-01-03 03:44:28,002 - INFO - Training metrics: {'loss': 20.669258119939247, 'rmse': 4.449389267406377, 'mae': 3.360495426986791, 'ndcg': 0.9981356275421155}
2025-01-03 03:44:28,792 - INFO - Validation metrics: {'loss': 35.52609372474778, 'rmse': 5.534270403127238, 'mae': 3.9091772327960377, 'ndcg': 0.9959601877440869}
2025-01-03 03:44:29,017 - INFO - Saved best model to checkpoints/best_model.pth
2025-01-03 03:44:29,018 - INFO - --------------------------------------------------
2025-01-03 03:44:29,018 - INFO - Epoch 17/20
2025-01-03 03:45:02,937 - INFO - Training metrics: {'loss': 18.51449005965945, 'rmse': 4.2221425125174985, 'mae': 3.2160783613784405, 'ndcg': 0.998470520105543}
2025-01-03 03:45:04,090 - INFO - Validation metrics: {'loss': 42.4773176891703, 'rmse': 6.03797093456972, 'mae': 4.2994451388506825, 'ndcg': 0.9957177504687242}
2025-01-03 03:45:04,234 - INFO - --------------------------------------------------
2025-01-03 03:45:04,234 - INFO - Epoch 18/20
2025-01-03 03:45:35,220 - INFO - Training metrics: {'loss': 17.437184510351738, 'rmse': 4.077745623309648, 'mae': 3.0981060236315185, 'ndcg': 0.9984775487380692}
2025-01-03 03:45:36,433 - INFO - Validation metrics: {'loss': 39.13388240169471, 'rmse': 5.794032251456846, 'mae': 4.042285610252703, 'ndcg': 0.9960256244095278}
2025-01-03 03:45:36,599 - INFO - --------------------------------------------------
2025-01-03 03:45:36,599 - INFO - Epoch 19/20
2025-01-03 03:46:10,334 - INFO - Training metrics: {'loss': 15.839009639205813, 'rmse': 3.9076029899822107, 'mae': 2.9636218747760674, 'ndcg': 0.9987470709447619}
2025-01-03 03:46:11,300 - INFO - Validation metrics: {'loss': 34.04803727378308, 'rmse': 5.2841298330328055, 'mae': 3.663872933723557, 'ndcg': 0.9959515937617127}
2025-01-03 03:46:11,541 - INFO - Saved best model to checkpoints/best_model.pth
2025-01-03 03:46:11,542 - INFO - --------------------------------------------------
2025-01-03 03:46:11,542 - INFO - Epoch 20/20
2025-01-03 03:46:44,914 - INFO - Training metrics: {'loss': 14.724061391021632, 'rmse': 3.7612553914109483, 'mae': 2.8468211540315727, 'ndcg': 0.9987366080661363}
2025-01-03 03:46:46,054 - INFO - Validation metrics: {'loss': 56.9983289745492, 'rmse': 7.244037790588833, 'mae': 5.090360748935753, 'ndcg': 0.9956882721941236}
2025-01-03 03:46:46,142 - INFO - --------------------------------------------------
2025-01-03 03:49:54,528 - INFO - Prepared test dataset with 5616 samples
2025-01-03 03:58:34,287 - INFO - Prepared test dataset with 5616 samples
2025-01-03 03:58:34,873 - ERROR - No true values found in test data!
2025-01-03 04:01:30,489 - INFO - Prepared test dataset with 5616 samples
2025-01-03 04:01:31,267 - ERROR - No true values found in test data!
2025-01-03 04:09:29,948 - INFO - Prepared test dataset with 5616 samples
2025-01-03 04:09:35,908 - ERROR - No true values found in test data!
2025-01-03 04:09:39,209 - ERROR - No true values found in test data!
2025-01-03 04:09:42,497 - ERROR - No true values found in test data!
2025-01-03 04:11:41,040 - INFO - Prepared test dataset with 5616 samples
2025-01-03 04:11:42,694 - ERROR - No true values found in test data!
2025-01-03 04:11:44,189 - ERROR - No true values found in test data!
2025-01-03 04:11:45,922 - ERROR - No true values found in test data!
2025-01-03 04:23:19,606 - INFO - Prepared test dataset with 5616 samples
2025-01-03 04:23:21,379 - ERROR - No true values found in test data!
2025-01-03 04:23:22,922 - ERROR - No true values found in test data!
2025-01-03 04:23:24,491 - ERROR - No true values found in test data!
2025-01-03 04:24:00,019 - INFO - Loading model from checkpoints/best_model.pth
2025-01-03 04:24:00,079 - INFO - Model loaded successfully
2025-01-03 04:29:10,692 - INFO - Prepared test dataset with 5616 samples
2025-01-03 04:31:23,097 - INFO - Prepared test dataset with 5616 samples
2025-01-03 04:33:32,510 - INFO - Epoch 1/20
2025-01-03 04:34:02,876 - INFO - Training metrics: {'loss': 1351.0113486277905, 'rmse': 33.209800136624345, 'mae': 22.03341102298302, 'ndcg': 0.8791214263514627}
2025-01-03 04:34:04,625 - INFO - Validation metrics: {'loss': 416.53340750680843, 'rmse': 20.037238599342864, 'mae': 13.448163207148163, 'ndcg': 0.9552615352079902}
2025-01-03 04:34:05,092 - INFO - Saved best model to checkpoints/best_model.pth
2025-01-03 04:34:05,093 - INFO - --------------------------------------------------
2025-01-03 04:34:05,093 - INFO - Epoch 2/20
2025-01-03 04:34:37,278 - INFO - Training metrics: {'loss': 352.3077262866346, 'rmse': 18.2435796333922, 'mae': 12.686087564577031, 'ndcg': 0.9651105227538302}
2025-01-03 04:34:38,280 - INFO - Validation metrics: {'loss': 190.91952998201612, 'rmse': 13.578766652473123, 'mae': 9.25817228370989, 'ndcg': 0.9803778302501625}
2025-01-03 04:34:38,515 - INFO - Saved best model to checkpoints/best_model.pth
2025-01-03 04:34:38,515 - INFO - --------------------------------------------------
2025-01-03 04:34:38,515 - INFO - Epoch 3/20
2025-01-03 04:35:06,964 - INFO - Training metrics: {'loss': 167.32429698750943, 'rmse': 12.549612336516933, 'mae': 8.723137673697893, 'ndcg': 0.9844696806578697}
2025-01-03 04:35:07,898 - INFO - Validation metrics: {'loss': 104.1640454144545, 'rmse': 9.972929540364614, 'mae': 6.8640187357513, 'ndcg': 0.9900085867290765}
2025-01-03 04:35:08,300 - INFO - Saved best model to checkpoints/best_model.pth
2025-01-03 04:35:08,301 - INFO - --------------------------------------------------
2025-01-03 04:35:08,301 - INFO - Epoch 4/20
2025-01-03 04:35:41,083 - INFO - Training metrics: {'loss': 103.08953188944467, 'rmse': 9.841988781026261, 'mae': 6.865933564644825, 'ndcg': 0.9911428662606433}
2025-01-03 04:35:42,006 - INFO - Validation metrics: {'loss': 72.3938918315189, 'rmse': 8.205374721377183, 'mae': 5.719145002499433, 'ndcg': 0.9927245554789691}
2025-01-03 04:35:42,184 - INFO - Saved best model to checkpoints/best_model.pth
2025-01-03 04:35:42,184 - INFO - --------------------------------------------------
2025-01-03 04:35:42,184 - INFO - Epoch 5/20
2025-01-03 04:36:16,235 - INFO - Training metrics: {'loss': 69.1875813610946, 'rmse': 8.071622587094533, 'mae': 5.739644124915328, 'ndcg': 0.9935568665401845}
2025-01-03 04:36:17,788 - INFO - Validation metrics: {'loss': 73.03941280741087, 'rmse': 8.255005243890967, 'mae': 5.654466313375553, 'ndcg': 0.9929810569319927}
2025-01-03 04:36:17,905 - INFO - --------------------------------------------------
2025-01-03 04:36:17,906 - INFO - Epoch 6/20
2025-01-03 04:36:57,487 - INFO - Training metrics: {'loss': 54.25784658631192, 'rmse': 7.137606808702729, 'mae': 5.1618613159354725, 'ndcg': 0.9948240366729}
2025-01-03 04:36:58,455 - INFO - Validation metrics: {'loss': 49.85962137034242, 'rmse': 6.720256714664904, 'mae': 4.759454754036917, 'ndcg': 0.9937699966027703}
2025-01-03 04:36:58,677 - INFO - Saved best model to checkpoints/best_model.pth
2025-01-03 04:36:58,678 - INFO - --------------------------------------------------
2025-01-03 04:36:58,678 - INFO - Epoch 7/20
2025-01-03 04:37:33,856 - INFO - Training metrics: {'loss': 44.57601911055891, 'rmse': 6.477514088010586, 'mae': 4.776871337920805, 'ndcg': 0.9953797318135635}
2025-01-03 04:37:35,149 - INFO - Validation metrics: {'loss': 48.56202842819859, 'rmse': 6.593885938298914, 'mae': 4.746351557718197, 'ndcg': 0.9954146490970128}
2025-01-03 04:37:35,402 - INFO - Saved best model to checkpoints/best_model.pth
2025-01-03 04:37:35,402 - INFO - --------------------------------------------------
2025-01-03 04:37:35,402 - INFO - Epoch 8/20
2025-01-03 04:38:10,330 - INFO - Prepared test dataset with 5616 samples
2025-01-03 04:38:13,072 - INFO - Training metrics: {'loss': 40.01520497285867, 'rmse': 6.162852056927469, 'mae': 4.587744018699549, 'ndcg': 0.995786432223984}
2025-01-03 04:38:14,097 - INFO - Validation metrics: {'loss': 48.4794106281979, 'rmse': 6.5710771451384025, 'mae': 4.631843724720914, 'ndcg': 0.9936058378555406}
2025-01-03 04:38:14,304 - INFO - Saved best model to checkpoints/best_model.pth
2025-01-03 04:38:14,304 - INFO - --------------------------------------------------
2025-01-03 04:38:14,304 - INFO - Epoch 9/20
2025-01-03 04:38:47,173 - INFO - Training metrics: {'loss': 34.644554676888866, 'rmse': 5.755617270195042, 'mae': 4.33242931773391, 'ndcg': 0.9964222386479378}
2025-01-03 04:38:48,210 - INFO - Validation metrics: {'loss': 40.51393108636561, 'rmse': 5.956024617439825, 'mae': 4.244970445901576, 'ndcg': 0.9941671062523211}
2025-01-03 04:38:48,439 - INFO - Saved best model to checkpoints/best_model.pth
2025-01-03 04:38:48,440 - INFO - --------------------------------------------------
2025-01-03 04:38:48,440 - INFO - Epoch 10/20
2025-01-03 04:39:21,785 - INFO - Training metrics: {'loss': 31.293750059001052, 'rmse': 5.477392564370788, 'mae': 4.157995220981067, 'ndcg': 0.9969813658655444}
2025-01-03 04:39:22,531 - INFO - Validation metrics: {'loss': 43.22256162133015, 'rmse': 6.109059175367006, 'mae': 4.2405674323229725, 'ndcg': 0.9947078941573559}
2025-01-03 04:39:22,634 - INFO - --------------------------------------------------
2025-01-03 04:39:22,635 - INFO - Epoch 11/20
2025-01-03 04:39:55,305 - INFO - Training metrics: {'loss': 28.812668193744706, 'rmse': 5.256519986669205, 'mae': 3.993489240543752, 'ndcg': 0.9970793777817413}
2025-01-03 04:39:56,288 - INFO - Validation metrics: {'loss': 41.64596470308975, 'rmse': 6.1021625173050005, 'mae': 4.311174513588489, 'ndcg': 0.9938346449757965}
2025-01-03 04:39:56,371 - INFO - --------------------------------------------------
2025-01-03 04:39:56,372 - INFO - Epoch 12/20
2025-01-03 04:40:28,871 - INFO - Training metrics: {'loss': 26.442434762097612, 'rmse': 5.046400770248145, 'mae': 3.8578739743443986, 'ndcg': 0.9971918700427949}
2025-01-03 04:40:29,964 - INFO - Validation metrics: {'loss': 37.488306649973694, 'rmse': 5.629496071562468, 'mae': 3.970265506019055, 'ndcg': 0.9955057291917397}
2025-01-03 04:40:30,305 - INFO - Saved best model to checkpoints/best_model.pth
2025-01-03 04:40:30,306 - INFO - --------------------------------------------------
2025-01-03 04:40:30,306 - INFO - Epoch 13/20
2025-01-03 04:41:00,791 - INFO - Training metrics: {'loss': 23.031041573874557, 'rmse': 4.708584689891357, 'mae': 3.6205275092698352, 'ndcg': 0.9978629457233827}
2025-01-03 04:41:01,754 - INFO - Validation metrics: {'loss': 41.163437480657876, 'rmse': 6.040688794055788, 'mae': 4.271067021598278, 'ndcg': 0.9949795964738013}
2025-01-03 04:41:01,853 - INFO - --------------------------------------------------
2025-01-03 04:41:01,853 - INFO - Epoch 14/20
2025-01-03 04:41:34,326 - INFO - Training metrics: {'loss': 22.20530678350714, 'rmse': 4.619441727399584, 'mae': 3.532670849486242, 'ndcg': 0.9979353491452676}
2025-01-03 04:41:35,123 - INFO - Validation metrics: {'loss': 40.262249718249684, 'rmse': 6.02400883553649, 'mae': 4.344380452599324, 'ndcg': 0.9951892134169458}
2025-01-03 04:41:35,182 - INFO - --------------------------------------------------
2025-01-03 04:41:35,182 - INFO - Epoch 15/20
2025-01-03 04:42:06,854 - INFO - Training metrics: {'loss': 19.99327388669871, 'rmse': 4.395451810730182, 'mae': 3.3538063560860065, 'ndcg': 0.9979386804979059}
2025-01-03 04:42:07,790 - INFO - Validation metrics: {'loss': 41.858627131287484, 'rmse': 6.181112128194623, 'mae': 4.383088038001262, 'ndcg': 0.9950296677334208}
2025-01-03 04:42:07,858 - INFO - --------------------------------------------------
2025-01-03 04:42:07,859 - INFO - Epoch 16/20
2025-01-03 04:42:39,109 - INFO - Training metrics: {'loss': 18.68147025908096, 'rmse': 4.227234469912232, 'mae': 3.2110798879514766, 'ndcg': 0.9981750877031798}
2025-01-03 04:42:39,942 - INFO - Validation metrics: {'loss': 33.52191503283004, 'rmse': 5.4490271083728095, 'mae': 3.914992782431589, 'ndcg': 0.9954134653991377}
2025-01-03 04:42:40,245 - INFO - Saved best model to checkpoints/best_model.pth
2025-01-03 04:42:40,245 - INFO - --------------------------------------------------
2025-01-03 04:42:40,245 - INFO - Epoch 17/20
2025-01-03 04:43:08,588 - INFO - Training metrics: {'loss': 16.995510369916506, 'rmse': 4.049099866559392, 'mae': 3.0780662824458713, 'ndcg': 0.9985391404243964}
2025-01-03 04:43:09,359 - INFO - Validation metrics: {'loss': 35.463427651096396, 'rmse': 5.579791722023324, 'mae': 3.9759923236470827, 'ndcg': 0.9948479037889293}
2025-01-03 04:43:09,428 - INFO - --------------------------------------------------
2025-01-03 04:43:09,428 - INFO - Epoch 18/20
2025-01-03 04:43:42,738 - INFO - Training metrics: {'loss': 15.845708420005026, 'rmse': 3.9108673639536904, 'mae': 2.972256003301355, 'ndcg': 0.9983644762748405}
2025-01-03 04:43:43,771 - INFO - Validation metrics: {'loss': 34.34374282729458, 'rmse': 5.5375956799899, 'mae': 3.9289716364632192, 'ndcg': 0.9956618916820472}
2025-01-03 04:43:43,866 - INFO - --------------------------------------------------
2025-01-03 04:43:43,866 - INFO - Epoch 19/20
2025-01-03 04:44:23,209 - INFO - Training metrics: {'loss': 15.787844214258314, 'rmse': 3.8833373469625383, 'mae': 2.912875095122977, 'ndcg': 0.9987040338448331}
2025-01-03 04:44:26,896 - INFO - Validation metrics: {'loss': 35.07537248772635, 'rmse': 5.512524228406886, 'mae': 3.853868887458049, 'ndcg': 0.9953685369290096}
2025-01-03 04:44:26,983 - INFO - --------------------------------------------------
2025-01-03 04:44:26,985 - INFO - Epoch 20/20
2025-01-03 04:44:52,359 - INFO - Training metrics: {'loss': 14.747453052031842, 'rmse': 3.755766218028664, 'mae': 2.8233952163895473, 'ndcg': 0.99851057178612}
2025-01-03 04:44:53,257 - INFO - Validation metrics: {'loss': 35.725776531326936, 'rmse': 5.587302219995305, 'mae': 3.879887836080202, 'ndcg': 0.9951692357869215}
2025-01-03 04:44:53,356 - INFO - --------------------------------------------------
2025-01-03 04:46:52,036 - INFO - Epoch 1/20
2025-01-03 04:47:16,497 - INFO - Training metrics: {'loss': 1568.4600394526615, 'rmse': 35.548012435356554, 'mae': 23.885840191116817, 'ndcg': 0.8788194583398821}
2025-01-03 04:47:17,125 - INFO - Validation metrics: {'loss': 480.90674945670116, 'rmse': 21.523574966213687, 'mae': 14.952053258116816, 'ndcg': 0.951992391700476}
2025-01-03 04:47:17,392 - INFO - Saved best model to checkpoints/best_model.pth
2025-01-03 04:47:17,392 - INFO - --------------------------------------------------
2025-01-03 04:47:17,392 - INFO - Epoch 2/20
2025-01-03 04:47:44,309 - INFO - Training metrics: {'loss': 380.66691172877444, 'rmse': 18.833375530651306, 'mae': 12.806354168095167, 'ndcg': 0.966001775162884}
2025-01-03 04:47:45,254 - INFO - Validation metrics: {'loss': 221.32546642464652, 'rmse': 14.500466189588247, 'mae': 9.653207577450175, 'ndcg': 0.977657847001519}
2025-01-03 04:47:45,517 - INFO - Saved best model to checkpoints/best_model.pth
2025-01-03 04:47:45,517 - INFO - --------------------------------------------------
2025-01-03 04:47:45,517 - INFO - Epoch 3/20
2025-01-03 04:48:14,393 - INFO - Training metrics: {'loss': 186.19200922869427, 'rmse': 13.181894009336585, 'mae': 8.911165521869176, 'ndcg': 0.9844999542530579}
2025-01-03 04:48:15,155 - INFO - Validation metrics: {'loss': 119.41638223889848, 'rmse': 10.713845038053803, 'mae': 7.315994601854136, 'ndcg': 0.9905902751734559}
2025-01-03 04:48:15,430 - INFO - Saved best model to checkpoints/best_model.pth
2025-01-03 04:48:15,432 - INFO - --------------------------------------------------
2025-01-03 04:48:15,432 - INFO - Epoch 4/20
2025-01-03 04:48:45,218 - INFO - Training metrics: {'loss': 100.4270657587655, 'rmse': 9.730285929416734, 'mae': 6.75464779704432, 'ndcg': 0.9917020818477944}
2025-01-03 04:48:46,158 - INFO - Validation metrics: {'loss': 71.85167360977388, 'rmse': 8.220808155284956, 'mae': 5.805767361546906, 'ndcg': 0.9921590744609564}
2025-01-03 04:48:46,374 - INFO - Saved best model to checkpoints/best_model.pth
2025-01-03 04:48:46,375 - INFO - --------------------------------------------------
2025-01-03 04:48:46,375 - INFO - Epoch 5/20
2025-01-03 04:49:17,130 - INFO - Training metrics: {'loss': 63.62437669989429, 'rmse': 7.768600108746146, 'mae': 5.5718319597123545, 'ndcg': 0.9941305821832223}
2025-01-03 04:49:18,015 - INFO - Validation metrics: {'loss': 61.77250488711075, 'rmse': 7.514927146441144, 'mae': 5.203530687681386, 'ndcg': 0.9932476533970362}
2025-01-03 04:49:18,222 - INFO - Saved best model to checkpoints/best_model.pth
2025-01-03 04:49:18,222 - INFO - --------------------------------------------------
2025-01-03 04:49:18,222 - INFO - Epoch 6/20
2025-01-03 04:49:47,666 - INFO - Training metrics: {'loss': 54.30184430562997, 'rmse': 7.177732931851947, 'mae': 5.191718755643579, 'ndcg': 0.9949844571985776}
2025-01-03 04:49:48,465 - INFO - Validation metrics: {'loss': 50.31877966330085, 'rmse': 6.752058818549558, 'mae': 4.783049848717703, 'ndcg': 0.9936211083976316}
2025-01-03 04:49:48,644 - INFO - Saved best model to checkpoints/best_model.pth
2025-01-03 04:49:48,644 - INFO - --------------------------------------------------
2025-01-03 04:49:48,644 - INFO - Epoch 7/20
2025-01-03 04:52:16,788 - INFO - Training metrics: {'loss': 44.79294805285297, 'rmse': 6.531449950219701, 'mae': 4.798439809415914, 'ndcg': 0.9958647024593775}
2025-01-03 04:52:19,169 - INFO - Validation metrics: {'loss': 45.95686971637565, 'rmse': 6.462109366346076, 'mae': 4.532520059128882, 'ndcg': 0.9946853535276063}
2025-01-03 04:52:19,553 - INFO - Saved best model to checkpoints/best_model.pth
2025-01-03 04:52:19,553 - INFO - --------------------------------------------------
2025-01-03 04:52:19,554 - INFO - Epoch 8/20
2025-01-03 04:52:52,365 - INFO - Training metrics: {'loss': 39.49484346335447, 'rmse': 6.137238532111352, 'mae': 4.567531941812249, 'ndcg': 0.99609034367}
2025-01-03 04:52:53,078 - INFO - Validation metrics: {'loss': 47.26317527932181, 'rmse': 6.511514011606931, 'mae': 4.608333439894126, 'ndcg': 0.9945137148172083}
2025-01-03 04:52:53,150 - INFO - --------------------------------------------------
2025-01-03 04:52:53,150 - INFO - Epoch 9/20
2025-01-03 04:53:21,268 - INFO - Training metrics: {'loss': 34.37678491465653, 'rmse': 5.733839722016422, 'mae': 4.311504548863519, 'ndcg': 0.9968955215962627}
2025-01-03 04:53:22,297 - INFO - Validation metrics: {'loss': 42.16901689180186, 'rmse': 6.158016624407551, 'mae': 4.3324834057982535, 'ndcg': 0.9951216788359092}
2025-01-03 04:53:22,506 - INFO - Saved best model to checkpoints/best_model.pth
2025-01-03 04:53:22,507 - INFO - --------------------------------------------------
2025-01-03 04:53:22,507 - INFO - Epoch 10/20
2025-01-03 04:53:51,312 - INFO - Training metrics: {'loss': 33.189656402491316, 'rmse': 5.634765137953384, 'mae': 4.217083642377129, 'ndcg': 0.9968772376828556}
2025-01-03 04:53:52,372 - INFO - Validation metrics: {'loss': 48.815807651466045, 'rmse': 6.581518399887021, 'mae': 4.6344721921732726, 'ndcg': 0.9952481229540328}
2025-01-03 04:53:52,519 - INFO - --------------------------------------------------
2025-01-03 04:53:52,520 - INFO - Epoch 11/20
2025-01-03 04:55:16,423 - INFO - Training metrics: {'loss': 28.456958789614184, 'rmse': 5.231876051724629, 'mae': 3.9817271043982685, 'ndcg': 0.9968342000170599}
2025-01-03 04:55:17,651 - INFO - Validation metrics: {'loss': 43.76307472712557, 'rmse': 6.202932100631911, 'mae': 4.302189464300451, 'ndcg': 0.9955367848906719}
2025-01-03 04:55:17,761 - INFO - --------------------------------------------------
2025-01-03 04:55:17,761 - INFO - Epoch 12/20
2025-01-03 04:55:43,663 - INFO - Training metrics: {'loss': 26.819092845614954, 'rmse': 5.0846880401971495, 'mae': 3.8729505618161792, 'ndcg': 0.9971945462158963}
2025-01-03 04:55:44,511 - INFO - Validation metrics: {'loss': 47.48831813436159, 'rmse': 6.500268678699365, 'mae': 4.506923057663609, 'ndcg': 0.9950585843811572}
2025-01-03 04:55:44,617 - INFO - --------------------------------------------------
2025-01-03 04:55:44,618 - INFO - Epoch 13/20
2025-01-03 04:56:06,701 - INFO - Training metrics: {'loss': 24.388968602011474, 'rmse': 4.860513306432777, 'mae': 3.722985306118108, 'ndcg': 0.9974722178487838}
2025-01-03 04:56:07,468 - INFO - Validation metrics: {'loss': 39.1390000464211, 'rmse': 5.90938766806474, 'mae': 4.166391057027897, 'ndcg': 0.9953058387192202}
2025-01-03 04:56:07,665 - INFO - Saved best model to checkpoints/best_model.pth
2025-01-03 04:56:07,667 - INFO - --------------------------------------------------
2025-01-03 04:56:07,668 - INFO - Epoch 14/20
2025-01-03 04:56:38,191 - INFO - Training metrics: {'loss': 22.539706074738806, 'rmse': 4.66520351242637, 'mae': 3.5677872411435163, 'ndcg': 0.9978334335963938}
2025-01-03 04:56:39,354 - INFO - Validation metrics: {'loss': 45.411110475029744, 'rmse': 6.40362695837909, 'mae': 4.4321763280411846, 'ndcg': 0.9952809441257531}
2025-01-03 04:56:39,438 - INFO - --------------------------------------------------
2025-01-03 04:56:39,439 - INFO - Epoch 15/20
2025-01-03 04:57:38,102 - INFO - Training metrics: {'loss': 21.393888397307336, 'rmse': 4.541058985538234, 'mae': 3.455016141450858, 'ndcg': 0.9980168634954887}
2025-01-03 04:57:38,959 - INFO - Validation metrics: {'loss': 37.73349936579315, 'rmse': 5.69099401318934, 'mae': 3.919857750476246, 'ndcg': 0.9950784814189857}
2025-01-03 04:57:39,187 - INFO - Saved best model to checkpoints/best_model.pth
2025-01-03 04:57:39,187 - INFO - --------------------------------------------------
2025-01-03 04:57:39,187 - INFO - Epoch 16/20
2025-01-03 04:58:16,238 - INFO - Training metrics: {'loss': 21.72506937346881, 'rmse': 4.54559837113959, 'mae': 3.4211620231972466, 'ndcg': 0.9980882780649994}
2025-01-03 04:58:17,431 - INFO - Validation metrics: {'loss': 39.927634789910115, 'rmse': 5.916818186110754, 'mae': 4.015890766197527, 'ndcg': 0.99469767322003}
2025-01-03 04:58:17,579 - INFO - --------------------------------------------------
2025-01-03 04:58:17,579 - INFO - Epoch 17/20
2025-01-03 04:58:46,841 - INFO - Training metrics: {'loss': 18.861068978339812, 'rmse': 4.258056244870012, 'mae': 3.250691982198365, 'ndcg': 0.9983908321849907}
2025-01-03 04:58:47,763 - INFO - Validation metrics: {'loss': 36.944171274212046, 'rmse': 5.705122979201211, 'mae': 4.011639339823119, 'ndcg': 0.9955671723459808}
2025-01-03 04:58:48,028 - INFO - Saved best model to checkpoints/best_model.pth
2025-01-03 04:58:48,029 - INFO - --------------------------------------------------
2025-01-03 04:58:48,029 - INFO - Epoch 18/20
2025-01-03 04:59:19,343 - INFO - Training metrics: {'loss': 18.040212118927435, 'rmse': 4.154343473970143, 'mae': 3.1469848567171943, 'ndcg': 0.9983578184737435}
2025-01-03 04:59:20,436 - INFO - Validation metrics: {'loss': 41.41304953669159, 'rmse': 6.073733684418374, 'mae': 4.196899498012704, 'ndcg': 0.9958358297885304}
2025-01-03 04:59:20,535 - INFO - --------------------------------------------------
2025-01-03 04:59:20,535 - INFO - Epoch 19/20
2025-01-03 04:59:43,230 - INFO - Training metrics: {'loss': 16.478899402708947, 'rmse': 3.975153880119614, 'mae': 3.0175175525342364, 'ndcg': 0.9985815234765222}
2025-01-03 04:59:44,185 - INFO - Validation metrics: {'loss': 35.50801792950698, 'rmse': 5.6619658280147735, 'mae': 4.0046954658669485, 'ndcg': 0.9950448165477161}
2025-01-03 04:59:44,376 - INFO - Saved best model to checkpoints/best_model.pth
2025-01-03 04:59:44,377 - INFO - --------------------------------------------------
2025-01-03 04:59:44,377 - INFO - Epoch 20/20
2025-01-03 05:00:13,863 - INFO - Training metrics: {'loss': 16.40729931562762, 'rmse': 3.9717052584565744, 'mae': 2.981323989886272, 'ndcg': 0.9986211659410332}
2025-01-03 05:00:15,034 - INFO - Validation metrics: {'loss': 32.267287845342935, 'rmse': 5.327907316202149, 'mae': 3.760457559370659, 'ndcg': 0.9960291091824921}
2025-01-03 05:00:15,343 - INFO - Saved best model to checkpoints/best_model.pth
2025-01-03 05:00:15,343 - INFO - --------------------------------------------------
2025-01-03 05:00:58,258 - INFO - Prepared test dataset with 5616 samples
2025-01-03 09:27:11,762 - INFO - Epoch 1/20
2025-01-03 09:27:57,612 - INFO - Epoch 1/20
2025-01-03 09:28:15,321 - INFO - Training metrics: {'loss': 35.48313679539044, 'rmse': 3.566621652047163, 'mae': 2.474846361275715, 'ndcg': 0.7558364655765044}
2025-01-03 09:28:15,734 - INFO - Validation metrics: {'loss': 0.1295502951342455, 'rmse': 0.3452739258859094, 'mae': 0.24210304588499204, 'ndcg': 0.9898358978016276}
2025-01-03 09:28:16,039 - INFO - Saved best model to checkpoints/best_model.pth
2025-01-03 09:28:16,041 - INFO - --------------------------------------------------
2025-01-03 09:28:16,041 - INFO - Epoch 2/20
2025-01-03 09:28:35,172 - INFO - Training metrics: {'loss': 0.3329015611376189, 'rmse': 0.530789752552005, 'mae': 0.35925816277725786, 'ndcg': 0.9866188587267187}
2025-01-03 09:28:35,615 - INFO - Validation metrics: {'loss': 0.2112117204028116, 'rmse': 0.38631782291620353, 'mae': 0.21295641247235553, 'ndcg': 0.9916317068355184}
2025-01-03 09:28:35,694 - INFO - --------------------------------------------------
2025-01-03 09:28:35,695 - INFO - Epoch 3/20
2025-01-03 09:28:59,553 - INFO - Training metrics: {'loss': 0.2187574881724306, 'rmse': 0.42882655275830606, 'mae': 0.2973010249176546, 'ndcg': 0.9924304947445665}
2025-01-03 09:29:00,583 - INFO - Validation metrics: {'loss': 0.06708751296178556, 'rmse': 0.2544532690529006, 'mae': 0.17747273296117783, 'ndcg': 0.9960200240914251}
2025-01-03 09:29:00,831 - INFO - Saved best model to checkpoints/best_model.pth
2025-01-03 09:29:00,831 - INFO - --------------------------------------------------
2025-01-03 09:29:00,831 - INFO - Epoch 4/20
2025-01-03 09:29:26,598 - INFO - Training metrics: {'loss': 0.18027265684950294, 'rmse': 0.39050047079668965, 'mae': 0.2712645805028232, 'ndcg': 0.9944303837380831}
2025-01-03 09:29:27,125 - INFO - Validation metrics: {'loss': 0.07748625563903594, 'rmse': 0.26332937789789096, 'mae': 0.16516592374569933, 'ndcg': 0.9962448696015587}
2025-01-03 09:29:27,230 - INFO - --------------------------------------------------
2025-01-03 09:29:27,231 - INFO - Epoch 5/20
2025-01-03 09:29:51,536 - INFO - Training metrics: {'loss': 0.1406513607848577, 'rmse': 0.3451002656171299, 'mae': 0.23956697093487916, 'ndcg': 0.9945827830064146}
2025-01-03 09:29:52,105 - INFO - Validation metrics: {'loss': 0.026657289018670857, 'rmse': 0.15258707677027508, 'mae': 0.09974751967779348, 'ndcg': 0.9982525723081239}
2025-01-03 09:29:52,305 - INFO - Saved best model to checkpoints/best_model.pth
2025-01-03 09:29:52,307 - INFO - --------------------------------------------------
2025-01-03 09:29:52,308 - INFO - Epoch 6/20
2025-01-03 09:30:15,174 - INFO - Training metrics: {'loss': 0.1254000432385556, 'rmse': 0.3198269751787553, 'mae': 0.22156769500550214, 'ndcg': 0.9955582045301606}
2025-01-03 09:30:15,647 - INFO - Validation metrics: {'loss': 0.03803096673595653, 'rmse': 0.180040440315543, 'mae': 0.11922594799961843, 'ndcg': 0.9980665319402453}
2025-01-03 09:30:15,718 - INFO - --------------------------------------------------
2025-01-03 09:30:15,719 - INFO - Epoch 7/20
2025-01-03 09:30:37,804 - INFO - Training metrics: {'loss': 0.11406336508874039, 'rmse': 0.3001346394637745, 'mae': 0.20947162143273068, 'ndcg': 0.9960351542015619}
2025-01-03 09:30:38,433 - INFO - Validation metrics: {'loss': 0.11389587175520793, 'rmse': 0.317377862802537, 'mae': 0.1758638471364975, 'ndcg': 0.9982161471541499}
2025-01-03 09:30:38,555 - INFO - --------------------------------------------------
2025-01-03 09:30:38,555 - INFO - Epoch 8/20
2025-01-03 09:31:00,727 - INFO - Training metrics: {'loss': 0.10675579064991325, 'rmse': 0.2921615258101418, 'mae': 0.20169177190459606, 'ndcg': 0.9960824549198151}
2025-01-03 09:31:01,169 - INFO - Validation metrics: {'loss': 0.019189091058264315, 'rmse': 0.1345261631668834, 'mae': 0.09786017784770105, 'ndcg': 0.9984719904375748}
2025-01-03 09:31:01,323 - INFO - Saved best model to checkpoints/best_model.pth
2025-01-03 09:31:01,324 - INFO - --------------------------------------------------
2025-01-03 09:31:01,324 - INFO - Epoch 9/20
2025-01-03 09:31:24,264 - INFO - Training metrics: {'loss': 0.09156012369313903, 'rmse': 0.2725297490255808, 'mae': 0.18987821878370229, 'ndcg': 0.9969269312635253}
2025-01-03 09:31:24,947 - INFO - Validation metrics: {'loss': 9.442593926262163, 'rmse': 0.6976586474660478, 'mae': 0.21067505287872235, 'ndcg': 0.9983214626849537}
2025-01-03 09:31:25,041 - INFO - --------------------------------------------------
2025-01-03 09:31:25,041 - INFO - Epoch 10/20
2025-01-03 09:31:47,798 - INFO - Training metrics: {'loss': 0.07837757181090338, 'rmse': 0.2540439729435462, 'mae': 0.17740302610717998, 'ndcg': 0.9973954099077212}
2025-01-03 09:31:48,630 - INFO - Validation metrics: {'loss': 0.06281777142389665, 'rmse': 0.23486453598215457, 'mae': 0.12701583128999655, 'ndcg': 0.9979129400051815}
2025-01-03 09:31:48,814 - INFO - --------------------------------------------------
2025-01-03 09:31:48,815 - INFO - Epoch 11/20
2025-01-03 09:32:11,494 - INFO - Training metrics: {'loss': 0.07272699182923836, 'rmse': 0.246652456054755, 'mae': 0.16870605046094594, 'ndcg': 0.9975902201442779}
2025-01-03 09:32:11,936 - INFO - Validation metrics: {'loss': 0.04309269220200958, 'rmse': 0.19250496017195456, 'mae': 0.10494426013508314, 'ndcg': 0.9987074657225273}
2025-01-03 09:32:12,013 - INFO - --------------------------------------------------
2025-01-03 09:32:12,014 - INFO - Epoch 12/20
2025-01-03 09:32:33,695 - INFO - Training metrics: {'loss': 0.06715140057598017, 'rmse': 0.23201455367153614, 'mae': 0.15788957317465846, 'ndcg': 0.9975214942912513}
2025-01-03 09:32:34,279 - INFO - Validation metrics: {'loss': 0.028098553369923587, 'rmse': 0.15698165336840292, 'mae': 0.09307881859196744, 'ndcg': 0.9983981830973021}
2025-01-03 09:32:34,395 - INFO - --------------------------------------------------
2025-01-03 09:32:34,396 - INFO - Epoch 13/20
2025-01-03 09:43:16,170 - INFO - Training metrics: {'loss': 0.062056878547750036, 'rmse': 0.22159482499638555, 'mae': 0.15054547920516587, 'ndcg': 0.9980273539129692}
2025-01-03 09:43:16,935 - INFO - Validation metrics: {'loss': 0.028143494626061177, 'rmse': 0.159735350016474, 'mae': 0.11108123605519953, 'ndcg': 0.9983506748374079}
2025-01-03 09:43:17,140 - INFO - --------------------------------------------------
2025-01-03 09:43:17,141 - INFO - Epoch 14/20
2025-01-03 09:44:05,949 - INFO - Training metrics: {'loss': 0.05528454597276058, 'rmse': 0.2105041584167228, 'mae': 0.14159253656369034, 'ndcg': 0.9979620438210571}
2025-01-03 09:44:06,603 - INFO - Validation metrics: {'loss': 0.029877805413389708, 'rmse': 0.16061959243152069, 'mae': 0.10864213707161621, 'ndcg': 0.998569496080909}
2025-01-03 09:44:06,689 - INFO - --------------------------------------------------
2025-01-03 09:44:06,690 - INFO - Epoch 15/20
2025-01-03 09:44:47,965 - INFO - Training metrics: {'loss': 0.041029059951476564, 'rmse': 0.17940080854646312, 'mae': 0.12221413583765868, 'ndcg': 0.9985541199581532}
2025-01-03 09:44:48,604 - INFO - Validation metrics: {'loss': 0.06912251699610915, 'rmse': 0.25054671630297654, 'mae': 0.1366678663122822, 'ndcg': 0.9996046138481355}
2025-01-03 09:44:48,741 - INFO - --------------------------------------------------
2025-01-03 09:44:48,742 - INFO - Epoch 16/20
2025-01-03 09:45:14,678 - INFO - Training metrics: {'loss': 0.0335420139783793, 'rmse': 0.16423403010169302, 'mae': 0.11224046216310957, 'ndcg': 0.9987976839648017}
2025-01-03 09:45:15,360 - INFO - Validation metrics: {'loss': 0.017713357130406608, 'rmse': 0.1271297410243889, 'mae': 0.0756039809907826, 'ndcg': 0.9992532646152336}
2025-01-03 09:45:15,618 - INFO - Saved best model to checkpoints/best_model.pth
2025-01-03 09:45:15,619 - INFO - --------------------------------------------------
2025-01-03 09:45:15,619 - INFO - Epoch 17/20
2025-01-03 09:45:41,826 - INFO - Training metrics: {'loss': 0.036650182961492174, 'rmse': 0.16818002084247397, 'mae': 0.1128907774315699, 'ndcg': 0.9990266956671884}
2025-01-03 09:45:42,369 - INFO - Validation metrics: {'loss': 0.023466069523481205, 'rmse': 0.14636496537083996, 'mae': 0.08223065046567313, 'ndcg': 0.9991910919337206}
2025-01-03 09:45:42,525 - INFO - --------------------------------------------------
2025-01-03 09:45:42,526 - INFO - Epoch 18/20
2025-01-03 09:46:05,396 - INFO - Training metrics: {'loss': 0.029730955377159217, 'rmse': 0.156031105634702, 'mae': 0.10629052081133557, 'ndcg': 0.9990728838911539}
2025-01-03 09:46:06,030 - INFO - Validation metrics: {'loss': 0.040607516850594064, 'rmse': 0.18951016164216974, 'mae': 0.10061165155239508, 'ndcg': 0.9996341869864666}
2025-01-03 09:46:06,097 - INFO - --------------------------------------------------
2025-01-03 09:46:06,098 - INFO - Epoch 19/20
2025-01-03 09:46:29,413 - INFO - Training metrics: {'loss': 0.028419958240399727, 'rmse': 0.15166975253445347, 'mae': 0.10315093468827537, 'ndcg': 0.99896576755409}
2025-01-03 09:46:30,069 - INFO - Validation metrics: {'loss': 0.01309489512907892, 'rmse': 0.1060548357531114, 'mae': 0.06615498132059272, 'ndcg': 0.9994951436217402}
2025-01-03 09:46:30,370 - INFO - Saved best model to checkpoints/best_model.pth
2025-01-03 09:46:30,371 - INFO - --------------------------------------------------
2025-01-03 09:46:30,372 - INFO - Epoch 20/20
2025-01-03 09:46:53,800 - INFO - Training metrics: {'loss': 0.02979619682197683, 'rmse': 0.15514037664907793, 'mae': 0.10465153291986524, 'ndcg': 0.9988336536703231}
2025-01-03 09:46:54,431 - INFO - Validation metrics: {'loss': 0.05713046110615554, 'rmse': 0.2244844007582963, 'mae': 0.1153957793935084, 'ndcg': 0.9995241685652397}
2025-01-03 09:46:54,531 - INFO - --------------------------------------------------
2025-01-03 09:54:24,712 - INFO - Prepared test dataset with 5616 samples
2025-01-03 09:54:27,275 - INFO - 
cold_user_warm_item Metrics (n=1373):
2025-01-03 09:54:27,275 - INFO - mse: 0.0099
2025-01-03 09:54:27,275 - INFO - rmse: 0.0994
2025-01-03 09:54:27,276 - INFO - mae: 0.0582
2025-01-03 09:54:27,276 - INFO - r2: 0.9975
2025-01-03 09:54:27,276 - INFO - pred_mean: 0.3740
2025-01-03 09:54:27,276 - INFO - pred_std: 2.0296
2025-01-03 09:54:27,277 - INFO - true_mean: 0.3343
2025-01-03 09:54:27,277 - INFO - true_std: 1.9857
2025-01-03 09:54:27,370 - INFO - 
warm_user_cold_item Metrics (n=62):
2025-01-03 09:54:27,370 - INFO - mse: 0.0113
2025-01-03 09:54:27,371 - INFO - rmse: 0.1061
2025-01-03 09:54:27,371 - INFO - mae: 0.0711
2025-01-03 09:54:27,371 - INFO - r2: 0.9954
2025-01-03 09:54:27,372 - INFO - pred_mean: 0.5144
2025-01-03 09:54:27,372 - INFO - pred_std: 1.6019
2025-01-03 09:54:27,372 - INFO - true_mean: 0.4821
2025-01-03 09:54:27,372 - INFO - true_std: 1.5580
2025-01-03 09:54:28,023 - INFO - 
cold_both Metrics (n=3678):
2025-01-03 09:54:28,023 - INFO - mse: 0.0124
2025-01-03 09:54:28,023 - INFO - rmse: 0.1113
2025-01-03 09:54:28,024 - INFO - mae: 0.0702
2025-01-03 09:54:28,024 - INFO - r2: 0.9965
2025-01-03 09:54:28,024 - INFO - pred_mean: 0.6498
2025-01-03 09:54:28,024 - INFO - pred_std: 1.9126
2025-01-03 09:54:28,024 - INFO - true_mean: 0.6240
2025-01-03 09:54:28,025 - INFO - true_std: 1.8715
2025-01-03 09:54:28,162 - INFO - 
warm_both Metrics (n=503):
2025-01-03 09:54:28,163 - INFO - mse: 0.0118
2025-01-03 09:54:28,163 - INFO - rmse: 0.1085
2025-01-03 09:54:28,163 - INFO - mae: 0.0707
2025-01-03 09:54:28,163 - INFO - r2: 0.9977
2025-01-03 09:54:28,163 - INFO - pred_mean: 1.0277
2025-01-03 09:54:28,163 - INFO - pred_std: 2.3225
2025-01-03 09:54:28,164 - INFO - true_mean: 0.9674
2025-01-03 09:54:28,164 - INFO - true_std: 2.2512
2025-01-03 09:54:28,165 - INFO - Evaluation completed. Results saved to: metrics
2025-01-03 09:54:28,165 - INFO - 
Evaluation Summary:
2025-01-03 09:54:28,165 - INFO - Basic Metrics:
2025-01-03 09:54:28,165 - INFO - mse: 0.0117
2025-01-03 09:54:28,165 - INFO - rmse: 0.1082
2025-01-03 09:54:28,166 - INFO - mae: 0.0673
2025-01-03 09:54:28,166 - INFO - r2: 0.9969
2025-01-03 09:54:28,166 - INFO - pred_mean: 0.6147
2025-01-03 09:54:28,166 - INFO - pred_std: 1.9861
2025-01-03 09:54:28,166 - INFO - true_mean: 0.5823
2025-01-03 09:54:28,166 - INFO - true_std: 1.9412
2025-01-03 09:54:28,167 - INFO - 
Top-K Metrics:
2025-01-03 09:54:28,167 - INFO - ndcg@10: 0.9979
2025-01-03 09:54:28,167 - INFO - precision@10: 0.9000
2025-01-03 09:54:28,167 - INFO - recall@10: 0.9000
2025-01-03 09:54:28,167 - INFO - 
Bias Analysis:
2025-01-03 09:54:28,167 - INFO - bias_range_1: 0.0443
2025-01-03 09:54:28,168 - INFO - bias_range_2: 0.0174
2025-01-03 09:54:28,168 - INFO - bias_range_3: -0.0291
2025-01-03 09:54:28,168 - INFO - bias_range_4: 0.0971
2025-01-03 09:56:43,052 - INFO - Loading model from checkpoints/best_model.pth
2025-01-03 09:56:43,119 - INFO - Model loaded successfully
2025-01-03 09:58:02,200 - INFO - Loading model from checkpoints/best_model.pth
2025-01-03 09:58:02,307 - INFO - Model loaded successfully
2025-01-03 10:07:57,405 - INFO - Loading model from checkpoints/best_model.pth
2025-01-03 10:07:57,474 - INFO - Model loaded successfully
2025-01-03 10:11:14,632 - INFO - Loading model from checkpoints/best_model.pth
2025-01-03 10:11:14,699 - INFO - Model loaded successfully
2025-01-03 10:11:39,397 - INFO - Loading model from checkpoints/best_model.pth
2025-01-03 10:11:39,457 - INFO - Model loaded successfully
2025-01-03 10:12:11,801 - INFO - Loading model from checkpoints/best_model.pth
2025-01-03 10:12:11,901 - INFO - Model loaded successfully
2025-01-03 10:18:31,306 - INFO - Loading model from checkpoints/best_model.pth
2025-01-03 10:18:31,377 - INFO - Model loaded successfully
2025-01-03 10:18:42,400 - INFO - Loading model from checkpoints/best_model.pth
2025-01-03 10:18:42,467 - INFO - Model loaded successfully
2025-01-03 10:19:12,638 - INFO - Loading model from checkpoints/best_model.pth
2025-01-03 10:19:12,679 - INFO - Model loaded successfully
